---
source: tests/fmt.rs
expression: visible(&output)
---
@article{Grinsztajn2022,
  author = {Grinsztajn, L{\'e}o and Varoquaux, Ga{\"e}l},
  title  = {Why do tree-based models still outperform deep learning?},
  year   = {2022}
}

@article{müller2019,
  author = {Müller, Rafael and Kornblith, Simon},
  title  = {Étude on naïve Bayes: 深層学習 and ünicode},
  year   = {2019}
}

@article{émile2000,
  author = {Zola, Émile},
  title  = {Germinal},
  year   = {2000}
}
